<html>
<body>
<pre>
<h1>µVision Build Log</h1>
<h2>Tool Versions:</h2>
IDE-Version: ¦ÌVision V5.26.2.0
Copyright (C) 2018 ARM Ltd and ARM Germany GmbH. All rights reserved.
License Information: 12 1211, 12, LIC=EXJT4-FWU9Z-NNUAF-6U1FR-UPX12-HTZLX
 
Tool Versions:
Toolchain:       MDK-ARM Plus  Version: 5.26.2.0
Toolchain Path:  D:\51\MDK\ARM\ARMCC\Bin
C Compiler:      Armcc.exe V5.06 update 6 (build 750)
Assembler:       Armasm.exe V5.06 update 6 (build 750)
Linker/Locator:  ArmLink.exe V5.06 update 6 (build 750)
Library Manager: ArmAr.exe V5.06 update 6 (build 750)
Hex Converter:   FromElf.exe V5.06 update 6 (build 750)
CPU DLL:         SARMCM3.DLL V5.26.2.0
Dialog DLL:      DCM.DLL V1.17.2.0
Target DLL:      STLink\ST-LINKIII-KEIL_SWO.dll V3.0.5.0
Dialog DLL:      TCM.DLL V1.36.1.0
 
<h2>Project:</h2>
C:\Users\legion\Desktop\µç×ÓÖÓ\digital clock\Project.uvprojx
Project File Date:  02/26/2024

<h2>Output:</h2>
*** Using Compiler 'V5.06 update 6 (build 750)', folder: 'D:\51\MDK\ARM\ARMCC\Bin'
Rebuild target 'Target 1'
assembling startup_stm32f10x_md.s...
compiling core_cm3.c...
compiling misc.c...
compiling stm32f10x_dac.c...
compiling stm32f10x_bkp.c...
compiling stm32f10x_dma.c...
compiling stm32f10x_can.c...
compiling stm32f10x_gpio.c...
compiling system_stm32f10x.c...
compiling stm32f10x_dbgmcu.c...
compiling stm32f10x_fsmc.c...
compiling stm32f10x_adc.c...
compiling stm32f10x_cec.c...
compiling stm32f10x_crc.c...
compiling stm32f10x_exti.c...
compiling stm32f10x_flash.c...
compiling stm32f10x_i2c.c...
compiling OLED_Data.c...
compiling stm32f10x_pwr.c...
compiling stm32f10x_rtc.c...
compiling stm32f10x_iwdg.c...
compiling Delay.c...
compiling stm32f10x_sdio.c...
compiling stm32f10x_wwdg.c...
compiling Timer.c...
compiling stm32f10x_spi.c...
compiling stm32f10x_usart.c...
compiling MyRTC.c...
System\MyRTC.c(161): warning:  #223-D: function "Delay_ms" declared implicitly
  			Delay_ms(1000);
System\MyRTC.c(195): warning:  #1-D: last line of file ends without a newline
  }
System\MyRTC.c: 2 warnings, 0 errors
compiling Key.c...
compiling stm32f10x_rcc.c...
compiling stm32f10x_tim.c...
compiling OLED.c...
compiling menu.c...
Hardware\menu.c(110): warning:  #223-D: function "Clock_num_trans" declared implicitly
  	Clock_num_trans();
Hardware\menu.c: 1 warning, 0 errors
compiling stm32f10x_it.c...
compiling main.c...
linking...
Program Size: Code=9988 RO-data=3664 RW-data=180 ZI-data=3724  
".\Objects\Project.axf" - 0 Error(s), 3 Warning(s).

<h2>Software Packages used:</h2>

Package Vendor: Keil
                http://www.keil.com/pack/Keil.STM32F1xx_DFP.2.2.0.pack
                Keil.STM32F1xx_DFP.2.2.0
                STMicroelectronics STM32F1 Series Device Support, Drivers and Examples

<h2>Collection of Component include folders:</h2>
  .\RTE\_Target_1
  D:\51\MDK\ARM\PACK\Keil\STM32F1xx_DFP\2.2.0\Device\Include

<h2>Collection of Component Files used:</h2>
Build Time Elapsed:  00:00:02
</pre>
</body>
</html>
